// Jest Snapshot v1, https://goo.gl/fbAQLP

exports[`RegisterProfile component should match snapshot when no errors 1`] = `
<form
  className="createProfileForm"
>
  <div
    className="createProfileDiv"
  >
    <div
      className="formDiv"
    >
      <div
        className="greetings"
      >
        <h3>
          Witaj na portalu ChitChat, 
        </h3>
        <h4>
          Wypełnij podstawowe dane, które wyświetlą się na Twoim profilu
        </h4>
      </div>
      <div
        className="nicknameInput"
      >
        <input
          id="nickname"
          onChange={[Function]}
          placeholder="Wpisz swój nickname"
          type="text"
          value=""
        />
      </div>
      <div
        className="cityInput"
      >
        <input
          id="city"
          onChange={[Function]}
          placeholder="Nazwa Twojej miejscowości"
          type="text"
          value=""
        />
      </div>
      <div
        className="genderRadioButton"
      >
        <p>
          Wybierz swoją płeć:
        </p>
        <div
          key="1"
        >
          <input
            id="gender"
            name="gender"
            onChange={[Function]}
            type="radio"
            value={1}
          />
          Kobieta
        </div>
        <div
          key="2"
        >
          <input
            id="gender"
            name="gender"
            onChange={[Function]}
            type="radio"
            value={2}
          />
          Mężczyzna
        </div>
        <div
          key="3"
        >
          <input
            id="gender"
            name="gender"
            onChange={[Function]}
            type="radio"
            value={3}
          />
          Inna
        </div>
      </div>
      <div
        className="addMainPicture"
      >
        <p>
          Wybierz swoje zdjęcie profilowe
        </p>
        <input
          accept="image/png, image/jpeg"
          id="picture"
          key="1"
          name="avatar"
          onChange={[Function]}
          type="file"
          value=""
        />
      </div>
      <div
        className="interestsSelect"
      >
        <p>
          Wybierz min. jedno zainteresowanie (max 3)
        </p>
        <select
          id="interests"
          multiple="multiple"
          onChange={[Function]}
          size="10"
        >
          <option
            key="1"
            value={1}
          >
            Sport
          </option>
          <option
            key="2"
            value={2}
          >
            Książki
          </option>
          <option
            key="3"
            value={3}
          >
            Seriale
          </option>
          <option
            key="4"
            value={4}
          >
            Podróże
          </option>
          <option
            key="5"
            value={5}
          >
            Informatyka
          </option>
          <option
            key="6"
            value={6}
          >
            Nurkowanie
          </option>
          <option
            key="7"
            value={7}
          >
            Gotowanie
          </option>
          <option
            key="8"
            value={8}
          >
            Muzyka
          </option>
          <option
            key="9"
            value={9}
          >
            Języki obce
          </option>
          <option
            key="10"
            value={10}
          >
            Gry online
          </option>
          <option
            key="11"
            value={11}
          >
            Uprawianie ogrodu
          </option>
          <option
            key="12"
            value={12}
          >
            Moda
          </option>
          <option
            key="13"
            value={13}
          >
            Plastyka
          </option>
          <option
            key="14"
            value={14}
          >
            Motoryzacja
          </option>
          <option
            key="15"
            value={15}
          >
            Wędkarstwo
          </option>
          <option
            key="16"
            value={16}
          >
            Wspinaczki
          </option>
          <option
            key="17"
            value={17}
          >
            Jeździectwo
          </option>
          <option
            key="18"
            value={18}
          >
            Zwierzęta
          </option>
          <option
            key="19"
            value={19}
          >
            Sport rekreacyjny
          </option>
          <option
            key="20"
            value={20}
          >
            Sporty grupowe
          </option>
          <option
            key="21"
            value={21}
          >
            Sporty ekstremalne
          </option>
          <option
            key="22"
            value={22}
          >
            Sporty walki
          </option>
          <option
            key="23"
            value={23}
          >
            Tatuaże
          </option>
        </select>
      </div>
      <div
        className="relationshipButton"
      >
        <p>
          Jakiego rodzaju znajomości poszukujesz?
        </p>
        <div
          key="1"
        >
          <input
            id="relationship"
            name="relationship"
            onChange={[Function]}
            type="radio"
            value={1}
          />
          Relacji romantycznej
        </div>
        <div
          key="2"
        >
          <input
            id="relationship"
            name="relationship"
            onChange={[Function]}
            type="radio"
            value={2}
          />
          Relacji koleżeńskiej
        </div>
        <div
          key="3"
        >
          <input
            id="relationship"
            name="relationship"
            onChange={[Function]}
            type="radio"
            value={3}
          />
          Otwarta/y na obie relacje
        </div>
      </div>
    </div>
    <div
      className="buttonDiv"
    >
      <button
        className="nextSubmit"
        onClick={[Function]}
        type="button"
      >
        Dalej
      </button>
    </div>
  </div>
</form>
`;
