// Jest Snapshot v1, https://goo.gl/fbAQLP

exports[`Profile component should match snapshot 1`] = `
<div
  className="profile"
>
  <div
    className="mainPictureOfHim"
  >
    Zdjęcie profilowe
  </div>
  <div
    className="nicknameOfHim"
  >
    Nickname
  </div>
  <div
    className="statusOfHim"
  />
  <div
    className="interestsOfHim"
  >
    <div>
      Miasto
    </div>
    <div>
      Wiek
    </div>
    <div>
      Główne zainteresowania po przecinku(max 3)
    </div>
  </div>
  <div
    className="myPageOfHim"
  />
</div>
`;
