// Jest Snapshot v1, https://goo.gl/fbAQLP

exports[`Profile component should match snapshot 1`] = `
<div
  className="profile"
>
  <div
    className="mainPictureOfHim"
  />
  <div
    className="statusNicknameOfHimDiv"
  >
    <div
      className="nicknameOfHim"
    >
      Nickname
    </div>
    <div
      className="statusOfHim"
    />
  </div>
  <div
    className="interestsAndTheRestOfHim"
  >
    <div
      className="cityOfHim"
    >
      Miasto
    </div>
    <div
      className="ageOfHim"
    >
      Wiek
    </div>
    <div
      className="interestsOfHim"
    >
      Główne zainteresowania po przecinku(max 3)
    </div>
  </div>
  <div
    className="myPageOfHim"
  />
</div>
`;
