// Jest Snapshot v1, https://goo.gl/fbAQLP

exports[`Profile component should match snapshot 1`] = `
<div
  className="partnerProfile"
>
  <div
    className="partnerPicture"
  />
  <div
    className="partnerNicknameAndStatusDiv"
  >
    <div
      className="partnerNickname"
    />
    <div
      className="partnerStatus"
    >
      <img
        src="/undefined.png"
      />
    </div>
  </div>
  <div
    className="partnerInformations"
  >
    <div
      className="partnerCity"
    />
    <div
      className="partnerAge"
    >
      <Component />
    </div>
    <div
      className="partnerInterests"
    />
  </div>
</div>
`;
