// Jest Snapshot v1, https://goo.gl/fbAQLP

exports[`App component should match snapshot 1`] = `
<BrowserRouter>
  <PageNavigation />
  <h1>
    ChitChat
  </h1>
  <Switch>
    <Route
      exact={true}
      path="/"
    >
      <Home />
    </Route>
    <Route
      path="/register"
    >
      <RegisterAccount />
    </Route>
    <Route
      path="/login"
    >
      <Login />
    </Route>
    <Route
      exact={true}
      path="/profile/edit"
    >
      <ProfileEdit />
    </Route>
    <Route
      exact={true}
      path="/profile/create"
    >
      <RegisterProfile />
    </Route>
  </Switch>
</BrowserRouter>
`;
