// Jest Snapshot v1, https://goo.gl/fbAQLP

exports[`ChatWindow component should match snapshot 1`] = `
<div
  className="chatWindow"
>
  <div
    className="conversationDiv"
  />
  <div
    className="createAndSendMessage"
  >
    <textarea
      className="textArea"
      id="messageBox"
      onChange={[Function]}
      onKeyPress={[Function]}
      placeholder="Napisz wiadomość..."
    />
    <div
      className="sendMessageButtonDiv"
    >
      <button
        className="sendMessageButton"
        id="send"
        onClick={[Function]}
        type="button"
      >
        wyślij
      </button>
    </div>
  </div>
</div>
`;
