// Jest Snapshot v1, https://goo.gl/fbAQLP

exports[`MyProfile component should match snapshot 1`] = `
<div
  className="myProfile"
>
  <div
    className="mainPicture"
  />
  <div
    className="statusNickname"
  >
    <div
      className="nickname"
    />
    <div
      className="status"
    />
  </div>
  <div
    className="interests"
  >
    <div
      className="city"
    />
    <div
      className="age"
    />
    <div
      className="hobbys"
    />
  </div>
  <div
    className="myPage"
  />
</div>
`;
